<html>
<body>
<pre>
<h1>µVision Build Log</h1>
<h2>Tool Versions:</h2>
IDE-Version: ¦ÌVision V5.43.1.0
Copyright (C) 2025 ARM Ltd and ARM Germany GmbH. All rights reserved.
License Information: 1 8619153439209, 1, LIC=NQQMA-1YVTR-NNWAF-6HJVG-18VHF-MDFIN
 
Tool Versions:
Toolchain:       MDK-ARM Plus  Version: 5.43.0.0
Toolchain Path:  D:\Soft\MDK\ARM\ARMCC\Bin
C Compiler:      Armcc.exe V5.06 update 2 (build 183)
Assembler:       Armasm.exe V5.06 update 2 (build 183)
Linker/Locator:  ArmLink.exe V5.06 update 2 (build 183)
Library Manager: ArmAr.exe V5.06 update 2 (build 183)
Hex Converter:   FromElf.exe V5.06 update 2 (build 183)
CPU DLL:         SARMCM3.DLL V5.43.0.0
Dialog DLL:      DCM.DLL V1.17.5.0
Target DLL:      STLink\ST-LINKIII-KEIL_SWO.dll V3.3.1.0
Dialog DLL:      TCM.DLL V1.56.6.0
 
<h2>Project:</h2>
C:\Users\86191\Desktop\study\MCU_between_IIC\MDK-ARM\MCU_between_IIC.uvprojx
Project File Date:  08/13/2026

<h2>Output:</h2>
*** Using Compiler 'V5.06 update 2 (build 183)', folder: 'D:\Soft\MDK\ARM\ARMCC\Bin'
Build target 'MCU_between_IIC'
compiling slave.c...
compiling master.c...
..\common\master.c(138): warning:  #550-D: variable "temperature" was set but never used
      uint16_t temperature;
..\common\master.c(139): warning:  #550-D: variable "humidity" was set but never used
      uint16_t humidity;
..\common\master.c: 2 warnings, 0 errors
compiling main.c...
compiling freertos.c...
../Core/Src/freertos.c(131): warning:  #550-D: variable "temperature" was set but never used
    uint16_t temperature;
../Core/Src/freertos.c(132): warning:  #550-D: variable "humidity" was set but never used
    uint16_t humidity;
../Core/Src/freertos.c: 2 warnings, 0 errors
linking...
Program Size: Code=13176 RO-data=392 RW-data=136 ZI-data=5800  
FromELF: creating hex file...
"MCU_between_IIC\MCU_between_IIC.axf" - 0 Error(s), 4 Warning(s).

<h2>Software Packages used:</h2>

Package Vendor: ARM
                http://www.keil.com/pack/ARM.CMSIS.4.5.0.pack
                ARM::CMSIS@4.5.0
                CMSIS (Cortex Microcontroller Software Interface Standard)
   * Component: CORE Version: 4.3.0

Package Vendor: Keil
                http://www.keil.com/pack/Keil.STM32F1xx_DFP.1.0.4.pack
                Keil::STM32F1xx_DFP@1.0.4
                STMicroelectronics STM32F1 Series Device Support, Drivers and Examples

<h2>Collection of Component include folders:</h2>
  ./RTE/_MCU_between_IIC
  D:/Soft/MDK/ARM/PACK/ARM/CMSIS/4.5.0/CMSIS/Include
  D:/Soft/MDK/ARM/PACK/Keil/STM32F1xx_DFP/1.0.4/Device/Include

<h2>Collection of Component Files used:</h2>

   * Component: ARM::CMSIS:CORE@4.3.0
Build Time Elapsed:  00:00:02
</pre>
</body>
</html>
